mttw-ubuntu@ubuntu:~/cldemo-vagrant$ vagrant up leaf01 leaf02 leaf03 leaf04 spine01 spine02 exit01 exit02 internet server01 server02 server03 server04
mttw-ubuntu@ubuntu:~/cldemo-vagrant$ vagrant ssh oob-mgmt-server

cumulus@oob-mgmt-server:~/3.c$ ansible-playbook run-demo.yml

PLAY [network] *****************************************************************************************************************************************

TASK [Gathering Facts] *********************************************************************************************************************************
ok: [spine02]
ok: [spine01]
ok: [leaf03]
ok: [leaf02]
ok: [leaf01]

TASK [Verify Minimum Software Version] *****************************************************************************************************************
ok: [leaf01] => {
    "changed": false,
    "failed": false,
    "msg": "All assertions passed"
}
ok: [leaf02] => {
    "changed": false,
    "failed": false,
    "msg": "All assertions passed"
}
ok: [leaf03] => {
    "changed": false,
    "failed": false,
    "msg": "All assertions passed"
}
ok: [spine01] => {
    "changed": false,
    "failed": false,
    "msg": "All assertions passed"
}
ok: [spine02] => {
    "changed": false,
    "failed": false,
    "msg": "All assertions passed"
}

TASK [copy_interfaces : copy interfaces] ***************************************************************************************************************
ok: [leaf01]
ok: [leaf02]
ok: [spine02]
ok: [spine01]
changed: [leaf03]

TASK [copy_frr_daemons : copy FRR daemons] *************************************************************************************************************
ok: [leaf01]
ok: [leaf02]
ok: [leaf03]
ok: [spine02]
ok: [spine01]

TASK [restart_switches : restarts switches with their new configuration] *******************************************************************************
changed: [leaf02]
changed: [leaf01]
changed: [spine02]
changed: [leaf03]
changed: [spine01]

TASK [restart_switches : Wait for switches to come back up] ********************************************************************************************
ok: [spine01 -> localhost]
ok: [spine02 -> localhost]
ok: [leaf01 -> localhost]
ok: [leaf02 -> localhost]
ok: [leaf03 -> localhost]

TASK [mv_ntp_mgmt_vrf : stop ntp] **********************************************************************************************************************
changed: [leaf01]
changed: [leaf02]
changed: [leaf03]
changed: [spine02]
changed: [spine01]

TASK [mv_ntp_mgmt_vrf : disable ntp] *******************************************************************************************************************
changed: [leaf01]
changed: [leaf02]
changed: [leaf03]
changed: [spine01]
changed: [spine02]

TASK [mv_ntp_mgmt_vrf : start ntp in the management vrf] ***********************************************************************************************
changed: [leaf01]
changed: [leaf02]
changed: [leaf03]
changed: [spine01]
changed: [spine02]

TASK [mv_ntp_mgmt_vrf : enable ntp in the management vrf] **********************************************************************************************
changed: [leaf01]
changed: [leaf02]
changed: [leaf03]
changed: [spine01]
changed: [spine02]

TASK [copy FRR conf] ***********************************************************************************************************************************
ok: [leaf01]
ok: [leaf02]
ok: [leaf03]
ok: [spine01]
ok: [spine02]

TASK [reload networking] *******************************************************************************************************************************
changed: [leaf01]
changed: [spine01]
changed: [leaf03]
changed: [spine02]
changed: [leaf02]

TASK [reload frr] **************************************************************************************************************************************
changed: [leaf01]
changed: [spine02]
changed: [spine01]
changed: [leaf03]
changed: [leaf02]

PLAY [servers] *****************************************************************************************************************************************

TASK [Gathering Facts] *********************************************************************************************************************************
ok: [server01]
ok: [server03]

TASK [copy-int-reboot-servers : copy interfaces] *******************************************************************************************************
ok: [server01]
ok: [server03]

TASK [copy-int-reboot-servers : restarts servers with their new configuration] *************************************************************************
changed: [server01]
changed: [server03]

TASK [copy-int-reboot-servers : Wait for everything to come back up] ***********************************************************************************
ok: [server03 -> localhost]
ok: [server01 -> localhost]

PLAY RECAP *********************************************************************************************************************************************
leaf01                     : ok=13   changed=7    unreachable=0    failed=0
leaf02                     : ok=13   changed=7    unreachable=0    failed=0
leaf03                     : ok=13   changed=8    unreachable=0    failed=0
server01                   : ok=4    changed=1    unreachable=0    failed=0
server03                   : ok=4    changed=1    unreachable=0    failed=0
spine01                    : ok=13   changed=7    unreachable=0    failed=0
spine02                    : ok=13   changed=7    unreachable=0    failed=0

cumulus@oob-mgmt-server:~/3.c$ ssh leaf01

Welcome to Cumulus VX (TM)

Cumulus VX (TM) is a community supported virtual appliance designed for
experiencing, testing and prototyping Cumulus Networks' latest technology.
For any questions or technical support, visit our community site at:
http://community.cumulusnetworks.com

The registered trademark Linux (R) is used pursuant to a sublicense from LMI,
the exclusive licensee of Linus Torvalds, owner of the mark on a world-wide
basis.
cumulus@leaf01:mgmt-vrf:~$ exit
logout
Connection to leaf01 closed.
cumulus@oob-mgmt-server:~/3.c$ ssh server01
Welcome to Ubuntu 16.04 LTS (GNU/Linux 4.4.0-22-generic x86_64)

 * Documentation:  https://help.ubuntu.com/

249 packages can be updated.
133 updates are security updates.


Last login: Tue May 29 09:02:28 2018 from 192.168.0.254
cumulus@server01:~$ ping 10.1.3.103
PING 10.1.3.103 (10.1.3.103) 56(84) bytes of data.
64 bytes from 10.1.3.103: icmp_seq=1 ttl=64 time=6.33 ms
64 bytes from 10.1.3.103: icmp_seq=2 ttl=64 time=3.49 ms

